
> tahkiye-temp@0.1.0 build
> next build

   Creating an optimized production build ...
node.exe : <w> [webpac
k.cache.PackFileCacheS
trategy] Skipped not s
erializable cache item
 'Compilation/modules|
C:\Users\PC\Desktop\Ta
hkiye\node_modules\nex
t\dist\build\webpack\l
oaders\css-loader\src\
index.js??ruleSet[1].r
ules[12].oneOf[12].use
[2]!C:\Users\PC\Deskto
p\Tahkiye\node_modules
\next\dist\build\webpa
ck\loaders\postcss-loa
der\src\index.js??rule
Set[1].rules[12].oneOf
[12].use[3]!C:\Users\P
C\Desktop\Tahkiye\src\
app\globals.css': No s
erializer registered f
or PostCSSSyntaxError
At line:1 char:1
+ & "C:\Program Files\
nodejs/node.exe" "C:\P
rogram Files\nodejs/no
de_mo ...
+ ~~~~~~~~~~~~~~~~~~~~
~~~~~~~~~~~~~~~~~~~~~~
~~~~~~~~~~~~~~~~~~~~~~
~~~~~
    + CategoryInfo    
          : NotSpeci  
  fied: (<w> [webpa   
 ck.ca...tCSSSynta    
xError:String) []    ,
 RemoteException
    + FullyQualifiedE 
   rrorId : NativeCo  
  mmandError
 
<w> while serializing 
webpack/lib/cache/Pack
FileCacheStrategy.Pack
ContentItems -> webpac
k/lib/NormalModule -> 
webpack/lib/ModuleBuil
dError -> PostCSSSynta
xError
Failed to compile.

./src/app/globals.css:
1:1
Syntax error: C:\Users
\PC\Desktop\Tahkiye\sr
c\app\globals.css The 
`border-border` class 
does not exist. If `bo
rder-border` is a cust
om class, make sure it
 is defined within a `
@layer` directive.

[1m[31m>[39m[22m[
90m 1 | [39m[36m@tai
lwind[39m base[33m;
[39m
 [90m   | [39m[1m[
31m^[39m[22m
 [90m 2 | [39m[36m@
tailwind[39m componen
ts[33m;[39m
 [90m 3 | [39m[36m@
tailwind[39m utilitie
s[33m;[39m

./src/app/globals.css
Syntax error: C:\Users
\PC\Desktop\Tahkiye\sr
c\app\globals.css The 
`border-border` class 
does not exist. If `bo
rder-border` is a cust
om class, make sure it
 is defined within a `
@layer` directive. (1:
1)

[1m[31m>[39m[22m[
90m 1 | [39m[36m@tai
lwind[39m base[33m;
[39m
 [90m   | [39m[1m[
31m^[39m[22m
 [90m 2 | [39m[36m@
tailwind[39m componen
ts[33m;[39m
 [90m 3 | [39m[36m@
tailwind[39m utilitie
s[33m;[39m

    at tryRunOrWebpack
Error (C:\Users\PC\Des
ktop\Tahkiye\node_modu
les\next\dist\compiled
\webpack\bundle5.js:28
:311563)
    at __webpack_requi
re_module__ (C:\Users\
PC\Desktop\Tahkiye\nod
e_modules\next\dist\co
mpiled\webpack\bundle5
.js:28:131195)
    at __nested_webpac
k_require_153754__ (C:
\Users\PC\Desktop\Tahk
iye\node_modules\next\
dist\compiled\webpack\
bundle5.js:28:130634)
    at C:\Users\PC\Des
ktop\Tahkiye\node_modu
les\next\dist\compiled
\webpack\bundle5.js:28
:131487
    at symbolIterator 
(C:\Users\PC\Desktop\T
ahkiye\node_modules\ne
xt\dist\compiled\neo-a
sync\async.js:1:14444)
    at done (C:\Users\
PC\Desktop\Tahkiye\nod
e_modules\next\dist\co
mpiled\neo-async\async
.js:1:14824)
    at Hook.eval [as c
allAsync] (eval at cre
ate (C:\Users\PC\Deskt
op\Tahkiye\node_module
s\next\dist\compiled\w
ebpack\bundle5.js:13:2
8867), <anonymous>:15:
1)
    at Hook.CALL_ASYNC
_DELEGATE [as _callAsy
nc] (C:\Users\PC\Deskt
op\Tahkiye\node_module
s\next\dist\compiled\w
ebpack\bundle5.js:13:2
6021)
    at C:\Users\PC\Des
ktop\Tahkiye\node_modu
les\next\dist\compiled
\webpack\bundle5.js:28
:130354
    at symbolIterator 
(C:\Users\PC\Desktop\T
ahkiye\node_modules\ne
xt\dist\compiled\neo-a
sync\async.js:1:14402)
-- inner error --
Syntax error: C:\Users
\PC\Desktop\Tahkiye\sr
c\app\globals.css The 
`border-border` class 
does not exist. If `bo
rder-border` is a cust
om class, make sure it
 is defined within a `
@layer` directive. (1:
1)

[1m[31m>[39m[22m[
90m 1 | [39m[36m@tai
lwind[39m base[33m;
[39m
 [90m   | [39m[1m[
31m^[39m[22m
 [90m 2 | [39m[36m@
tailwind[39m componen
ts[33m;[39m
 [90m 3 | [39m[36m@
tailwind[39m utilitie
s[33m;[39m

    at Object.<anonymo
us> (C:\Users\PC\Deskt
op\Tahkiye\node_module
s\next\dist\build\webp
ack\loaders\css-loader
\src\index.js??ruleSet
[1].rules[12].oneOf[12
].use[2]!C:\Users\PC\D
esktop\Tahkiye\node_mo
dules\next\dist\build\
webpack\loaders\postcs
s-loader\src\index.js?
?ruleSet[1].rules[12].
oneOf[12].use[3]!C:\Us
ers\PC\Desktop\Tahkiye
\src\app\globals.css:1
:7)
    at C:\Users\PC\Des
ktop\Tahkiye\node_modu
les\next\dist\compiled
\webpack\bundle5.js:28
:915116
    at Hook.eval [as c
all] (eval at create (
C:\Users\PC\Desktop\Ta
hkiye\node_modules\nex
t\dist\compiled\webpac
k\bundle5.js:13:28645)
, <anonymous>:7:1)
    at Hook.CALL_DELEG
ATE [as _call] (C:\Use
rs\PC\Desktop\Tahkiye\
node_modules\next\dist
\compiled\webpack\bund
le5.js:13:25915)
    at C:\Users\PC\Des
ktop\Tahkiye\node_modu
les\next\dist\compiled
\webpack\bundle5.js:28
:131228
    at tryRunOrWebpack
Error (C:\Users\PC\Des
ktop\Tahkiye\node_modu
les\next\dist\compiled
\webpack\bundle5.js:28
:311517)
    at __webpack_requi
re_module__ (C:\Users\
PC\Desktop\Tahkiye\nod
e_modules\next\dist\co
mpiled\webpack\bundle5
.js:28:131195)
    at __nested_webpac
k_require_153754__ (C:
\Users\PC\Desktop\Tahk
iye\node_modules\next\
dist\compiled\webpack\
bundle5.js:28:130634)
    at C:\Users\PC\Des
ktop\Tahkiye\node_modu
les\next\dist\compiled
\webpack\bundle5.js:28
:131487
    at symbolIterator 
(C:\Users\PC\Desktop\T
ahkiye\node_modules\ne
xt\dist\compiled\neo-a
sync\async.js:1:14444)

Generated code for C:\
Users\PC\Desktop\Tahki
ye\node_modules\next\d
ist\build\webpack\load
ers\css-loader\src\ind
ex.js??ruleSet[1].rule
s[12].oneOf[12].use[2]
!C:\Users\PC\Desktop\T
ahkiye\node_modules\ne
xt\dist\build\webpack\
loaders\postcss-loader
\src\index.js??ruleSet
[1].rules[12].oneOf[12
].use[3]!C:\Users\PC\D
esktop\Tahkiye\src\app
\globals.css

Import trace for reque
sted module:
./src/app/globals.css


> Build failed because
 of webpack errors
